// Vitest Snapshot v1, https://vitest.dev/guide/snapshot.html

exports[`INV-12 · advanced-marathon (David class) plan is protected > FROZEN: per-week structural fingerprint is byte-stable > david-marathon-quality-vocab 1`] = `
[
  "wk4: threshold="4×1mi @ T pace · 90s jog" ; tempo="4mi continuous tempo"",
  "wk5: threshold="4×1mi @ T pace · 90s jog" ; intervals="5×1mi @ I-T transition · 2:00 jog"",
  "wk6: threshold="4×1mi @ T pace · 90s jog" ; tempo="4mi continuous tempo"",
  "wk7: threshold="4×1mi @ T pace · 90s jog" ; intervals="5×1mi @ I-T transition · 2:00 jog"",
  "wk8: threshold="4×1mi @ T pace · 90s jog" ; tempo="4mi continuous tempo"",
  "wk9: tempo="4mi continuous tempo" ; threshold="4×1mi @ T pace · 90s jog"",
  "wk10: tempo="4mi continuous tempo" ; threshold="4×1mi @ T pace · 90s jog"",
  "wk11: tempo="4mi continuous tempo" ; threshold="4×1mi @ T pace · 90s jog"",
  "wk12: tempo="4mi continuous tempo" ; threshold="4×1mi @ T pace · 90s jog"",
  "wk13: race_week_tuneup="5×400m @ 5K pace · 2min jog" ; race_week_tuneup="5×400m @ 5K pace · 2min jog"",
  "wk14: race_week_tuneup="5×400m @ 5K pace · 2min jog" ; race_week_tuneup="5×400m @ 5K pace · 2min jog"",
  "wk15: race="RACE" ; race_week_tuneup="4×1km @ race pace · 90s jog"",
]
`;

exports[`INV-12 · advanced-marathon (David class) plan is protected > FROZEN: per-week structural fingerprint is byte-stable > david-marathon-structure 1`] = `
[
  "wk0:BASE:60mi:long15:none",
  "wk1:BASE:60mi:long15:none",
  "wk2:BASE:61mi:long16:none",
  "wk3:BASE:52mi:long17:none",
  "wk4:QUALITY:67mi:long17:threshold+tempo",
  "wk5:QUALITY:68mi:long18:threshold+intervals",
  "wk6:QUALITY:69mi:long19:threshold+tempo",
  "wk7:QUALITY:66mi:long18:threshold+intervals",
  "wk8:QUALITY:70mi:long20:threshold+tempo",
  "wk9:RACE-SPECIFIC:70mi:long20:tempo+threshold",
  "wk10:RACE-SPECIFIC:71mi:long21:tempo+threshold",
  "wk11:RACE-SPECIFIC:66mi:long18:tempo+threshold",
  "wk12:RACE-SPECIFIC:72mi:long22:tempo+threshold",
  "wk13:TAPER:55mi:long18:race_week_tuneup+race_week_tuneup",
  "wk14:TAPER:39mi:long13:race_week_tuneup+race_week_tuneup",
  "wk15:TAPER:44.2mi:long0:race+race_week_tuneup",
]
`;
