// Vitest Snapshot v1, https://vitest.dev/guide/snapshot.html

exports[`LAYOUTWEEK-CONTRACT-1 · the decomposition changed nothing > the whole archetype matrix composes byte-identically > layout-corpus-digest 1`] = `
{
  "composed": 8781,
  "days": 699860,
  "digest": "bebb5198111bab099efb94c93acdfcaf587ffc7e4cdfb8438ed01337c08b5c23",
  "raceWeeks": 3969,
}
`;
