// Vitest Snapshot v1, https://vitest.dev/guide/snapshot.html

exports[`LAYOUTWEEK-CONTRACT-1 · the decomposition changed nothing > the whole archetype matrix composes byte-identically > layout-corpus-digest 1`] = `
{
  "composed": 8781,
  "days": 699860,
  "digest": "fc49ff4e8f0c702c0d7a69ada40dfe823be8f8fdcf07ba5f6d7f9b4d6fe1fb1f",
  "raceWeeks": 3969,
}
`;
