// Vitest Snapshot v1, https://vitest.dev/guide/snapshot.html

exports[`LAYOUTWEEK-CONTRACT-1 · the decomposition changed nothing > the whole archetype matrix composes byte-identically > layout-corpus-digest 1`] = `
{
  "composed": 8781,
  "days": 699860,
  "digest": "99e8fe455cb5e05d8986ced0e35adaef4c5cacc15c4dba14fc3ce11804e4a3d4",
  "raceWeeks": 3969,
}
`;
